// Jest Snapshot v1, https://goo.gl/fbAQLP

exports[`<CustomButton /> renders correctly 1`] = `null`;

exports[`<TodoHeader /> renders correctly 1`] = `null`;
